---
source: crates/walrus-semantics/src/ty.rs
expression: types

---
InferenceResult {
    type_of_expr: {
        0: Primitive(
            Never,
        ),
        1: Primitive(
            Never,
        ),
        2: Tuple(
            [],
        ),
        3: Tuple(
            [],
        ),
    },
    type_of_type: {
        0: Tuple(
            [],
        ),
    },
    type_of_pat: {},
    type_of_fn: {
        0: FnType {
            params: [],
            ret: Tuple(
                [],
            ),
        },
    },
    diagnostics: [],
}
