---
source: crates/walrus-codegen/src/tests.rs
expression: module

---
; ModuleID = 'module'
source_filename = "module"

%Void = type { {}, {} }

define %Void @main() {
main.entry:
  call void @builtin_exit(i32 0)
  unreachable
}

declare void @builtin_exit(i32)

