---
source: crates/walrus-codegen/src/tests.rs
expression: module

---
; ModuleID = 'module'
source_filename = "module"

define void @builtins.exit(i32 %status) {
  call void @exit(i32 %status)
  unreachable
}

declare void @exit(i32)

define {} @builtins.putchar(i32 %c) {
  %1 = call i32 @putchar(i32 %c)
  ret {} zeroinitializer
}

declare i32 @putchar(i32)

define i32 @main() {
main.entry:
  %f.alloca = alloca { i32 (i8*)*, i8* }, align 8
  store { i32 (i8*)*, i8* } { i32 (i8*)* bitcast (i32 ()* @get_five to i32 (i8*)*), i8* null }, { i32 (i8*)*, i8* }* %f.alloca, align 8
  %f = load { i32 (i8*)*, i8* }, { i32 (i8*)*, i8* }* %f.alloca, align 8
  %closure.code = extractvalue { i32 (i8*)*, i8* } %f, 0
  %closure.env = extractvalue { i32 (i8*)*, i8* } %f, 1
  %call = call i32 %closure.code(i8* %closure.env)
  ret i32 %call
}

define i32 @get_five() {
get_five.entry:
  ret i32 5
}

