---
source: crates/walrus-codegen/src/codegen.rs
expression: llvm_module.print_to_string().to_string()

---
; ModuleID = 'module'
source_filename = "module"
target datalayout = "e-m:e-p270:32:32-p271:32:32-p272:64:64-i64:64-f80:128-n8:16:32:64-S128"

define void @builtins.exit.wrapper(i8* %env, i32 %status) {
  call void @exit(i32 %status)
  unreachable
}

declare void @exit(i32)

define i32 @builtins.putchar.wrapper(i8* %env, i32 %c) {
  %1 = call i32 @putchar(i32 %c)
  ret i32 %1
}

declare i32 @putchar(i32)

define i32 @main(i8* %main.env) {
main.entry:
  %loop.result.alloca = alloca i32, align 4
  br label %loop.body

loop.body:                                        ; preds = %main.entry
  %x.alloca = alloca i32, align 4
  store i32 5, i32* %x.alloca, align 4
  %x = load i32, i32* %x.alloca, align 4
  store i32 %x, i32* %loop.result.alloca, align 4
  br label %loop.exit

loop.exit:                                        ; preds = %loop.body
  %loop.result = load i32, i32* %loop.result.alloca, align 4
  ret i32 %loop.result
}

; Function Attrs: nounwind
declare void @llvm.stackprotector(i8*, i8**) #0

attributes #0 = { nounwind }

