---
source: crates/walrus-parser/src/grammar.rs
expression: got
---
Ok(
    (
        [],
        SourceFile {
            decls: [],
        },
    ),
)
