---
source: crates/walrus-lexer/src/token_kind.rs
expression: got
---
[
    0..20@HexInt "0x1234_56789_abc_def",
]
