---
source: crates/walrus-lexer/src/token_kind.rs
expression: got

---
[
    0..13@String "\"hello world\"",
]
